INT: 103
INT: 102
INT: 101
INT: 100
INT: 201
INT: 202
INT: 203
INT: 0
INT: 1
INT: 2
INT: 3
indice 4 excedido!
