INT: 1
INT: 2
INT: 3
INT: 4
INT: 5
INT: 6
INT: 7
INT: 100
INT: 101
INT: 102
INT: 103
INT: 104
INT: 105
INT: 106
