m1
INT: 1
INT: 1
INT: 1
INT: 2
INT: 2
INT: 2
m2
INT: 3
INT: 3
INT: 3
INT: 0
INT: 0
INT: 4
m1+m2 v2
INT: 4
INT: 4
INT: 4
INT: 2
INT: 2
INT: 6
m1+m2
INT: 4
INT: 4
INT: 4
INT: 2
INT: 2
INT: 6
