INT: 0
INT: 1
INT: 2
INT: 2
INT: 3
INT: 3
INT: 4
INT: 4
INT: 4
INT: 0
INT: 1
INT: 1
INT: 2
INT: 2
INT: 3
INT: 3
INT: 3
INT: 4
INT: 4
INT: 4
INT: 0
INT: 0
INT: 1
INT: 1
INT: 2
INT: 2
INT: 2
INT: 3
INT: 3
INT: 3
INT: 4
INT: 4
INT: 4
INT: 4
INT: 0
INT: 0
INT: 1
INT: 1
INT: 1
INT: 2
INT: 2
INT: 2
INT: 3
INT: 3
INT: 3
INT: 3
INT: 4
INT: 4
INT: 4
INT: 4
INT: 0
INT: 0
INT: 0
INT: 1
INT: 1
INT: 1
INT: 2
INT: 2
INT: 2
INT: 2
INT: 3
INT: 3
INT: 3
INT: 3
INT: 4
INT: 4
INT: 4
INT: 4
INT: 4
