Conjuncion anda bien...
Disyuncion anda bien...
Precencia de and y or anda bien...
Strings se comparan bien...
distinto funciona bien p strings.
INT: 1
INT: 2
INT: 3
INT: 4
INT: 5
INT: 6
